<?xml version="1.0" encoding="UTF-8"?><result>
  <val>10</val>
  <valPi>3.141592653589793</valPi>
  <val>4</val>
  <val>21</val>
  <val>2.3333333333333335</val>
</result>
