<?xml version="1.0" encoding="UTF-8"?><result>
  <one>peach péché pêche sin</one>
  <two>peach péché pêche sin</two>
  <three>peach pêche péché sin</three>
</result>
