<?xml version="1.0" encoding="UTF-8"?><result>8.414709848078965 9.092974268256818 1.4112000805986722 -7.5680249530792825 -9.589242746631385</result>
