<?xml version="1.0" encoding="UTF-8"?><result>
  <one>0.10000000000000009</one>
  <two>0.22000000000000008</two>
</result>
